<div id="heading-1">
    <h3 class="title">Heading 1</h3>

    <p>Some text.</p>

    <div class="section" id="heading-2">
    <h3><a name="heading-2">Heading 2</a></h3>

    <p>Some text, bla ble bli blo blu. Yes, i know this is <a class="reference" href="http://www.example.com">Stupid</a>.</p>

    </div>
</div>

